// Jest Snapshot v1, https://goo.gl/fbAQLP

exports[`<SocialLinkGroup> renders correctly 1`] = `
<div
  className="ui massive icon buttons social-link-group SocialLinkGroup__StyledButtonGroup-iaUnjP bPLyMQ"
>
  <a
    href="http://www.facebook.com"
    target="_blank"
  >
    <button
      className="ui facebook button"
      disabled={undefined}
      onClick={[Function]}
      role="button"
      tabIndex={undefined}
    >
      <i
        aria-hidden="true"
        className="facebook f icon"
      />
    </button>
  </a>
  <a
    href="http://www.instagram.com"
    target="_blank"
  >
    <button
      className="ui instagram button"
      disabled={undefined}
      onClick={[Function]}
      role="button"
      tabIndex={undefined}
    >
      <i
        aria-hidden="true"
        className="instagram icon"
      />
    </button>
  </a>
  <a
    href="http://www.twitter.com"
    target="_blank"
  >
    <button
      className="ui twitter button"
      disabled={undefined}
      onClick={[Function]}
      role="button"
      tabIndex={undefined}
    >
      <i
        aria-hidden="true"
        className="twitter icon"
      />
    </button>
  </a>
</div>
`;
