// Jest Snapshot v1, https://goo.gl/fbAQLP

exports[`<HomeTemplate> renders correctly 1`] = `
<div>
  <div
    className="Hero__HeroFactory-hoaCgt hkHcUh"
    height={700}
    src="/"
  >
    <div
      className="ui text container"
    >
      <h1
        className="Hero__HeroHeader-dulUCc evQOct"
      >
        Header
      </h1>
      <p
        className="Hero__HeroSubheader-igSxRJ FLHjP"
      >
        Subheader
      </p>
      <a
        className="ui big primary button"
        href="#"
        onClick={[Function]}
        role="button"
        style={
          Object {
            "margin": "1em 0 0",
          }
        }
      >
        Btn.Content
          
        <i
          aria-hidden="true"
          className="arrow circle outline down icon"
        />
      </a>
    </div>
  </div>
</div>
`;
