// Jest Snapshot v1, https://goo.gl/fbAQLP

exports[`<SiteNav> renders correctly 1`] = `
<div
  className="ui segment pushable"
>
  <div
    className="ui inverted vertical labeled icon ui push left thin sidebar menu"
  >
    <div
      className="link fitted item"
      onClick={[Function]}
      style={
        Object {
          "padding": 0,
        }
      }
    >
      <a
        className="sc-ifAKCX gPFwxH"
        custom={
          Object {
            "basic": true,
          }
        }
        href="/"
        onClick={[Function]}
      >
        <img
          className="ui image"
          height={50}
          src="https://s3-ap-southeast-1.amazonaws.com/storage.api.merrymaker.com/images/merrymaker_mascot_head_side.svg"
        />
      </a>
    </div>
    <div
      className="link fitted item"
      onClick={[Function]}
      style={
        Object {
          "padding": 0,
        }
      }
    >
      <a
        className="sc-EHOje fafhJU"
        custom={undefined}
        href="/home"
        onClick={[Function]}
      >
        Home
      </a>
    </div>
    <div
      className="link fitted item"
      onClick={[Function]}
      style={
        Object {
          "padding": 0,
        }
      }
    >
      <a
        className="sc-bZQynM hnksPx"
        custom={undefined}
        href="/about"
        onClick={[Function]}
      >
        About
      </a>
    </div>
    <div
      aria-busy={undefined}
      aria-disabled={undefined}
      aria-expanded={false}
      aria-multiselectable={undefined}
      className="ui item dropdown"
      onBlur={[Function]}
      onChange={[Function]}
      onClick={[Function]}
      onFocus={[Function]}
      onMouseDown={[Function]}
      role="listbox"
      tabIndex={0}
    >
      <div
        aria-live="polite"
        className="text"
        role="alert"
      >
        Support
      </div>
      <i
        aria-hidden="true"
        className="dropdown icon"
        onClick={[Function]}
      />
      <div
        className="menu transition"
      >
        <div
          aria-checked={undefined}
          aria-disabled={undefined}
          aria-selected={undefined}
          className="item fitted link"
          onClick={[Function]}
          role="option"
        >
          <a
            className="sc-bwzfXH cBTmMw"
            href="/phone"
            onClick={[Function]}
          >
            Phone
          </a>
        </div>
        <div
          aria-checked={undefined}
          aria-disabled={undefined}
          aria-selected={undefined}
          className="item fitted link"
          onClick={[Function]}
          role="option"
        >
          <a
            className="sc-bwzfXH cBTmMw"
            href="/email"
            onClick={[Function]}
          >
            Email
          </a>
        </div>
      </div>
    </div>
    <div
      className="item"
      onClick={[Function]}
    >
      <button
        className="ui primary button custom sc-htpNat cnXOeu"
        disabled={undefined}
        onClick={[Function]}
        role="button"
        tabIndex={undefined}
      >
        <a
          href="/contact"
          onClick={[Function]}
        >
          Contact Us
        </a>
      </button>
    </div>
  </div>
  <div
    className="pusher"
  >
    <div
      className="ui attached menu"
      custom={
        Object {
          "container": false,
          "float": false,
        }
      }
    >
      <div
        className="menu"
      >
        <div
          aria-busy={undefined}
          aria-disabled={undefined}
          aria-expanded={false}
          aria-multiselectable={undefined}
          className="ui item dropdown"
          onBlur={[Function]}
          onChange={[Function]}
          onClick={[Function]}
          onFocus={[Function]}
          onMouseDown={[Function]}
          role="listbox"
          tabIndex={0}
        >
          <div
            aria-live="polite"
            className="text"
            role="alert"
          />
          <i
            aria-hidden="true"
            className="content icon"
            onClick={[Function]}
          />
          <div
            className="menu transition"
          />
        </div>
      </div>
    </div>
    <div
      className="ui dimmer"
      onClick={[Function]}
    />
    Hello World
  </div>
</div>
`;
