// Jest Snapshot v1, https://goo.gl/fbAQLP

exports[`<SiteNav> renders correctly 1`] = `
<div
  className="pushable sc-fMiknA fwmEDX"
>
  <div
    className="ui inverted vertical labeled icon spacer      ui push left thin sidebar sc-cSHVUG bQoLja menu"
    spacer={undefined}
  >
    <div
      className="link fitted item menulink sc-htpNat jVOplu"
      onClick={[Function]}
    >
      <a
        className="sc-bwzfXH czPeHY"
        href="/"
        onClick={[Function]}
        style={
          Object {
            "padding": 0,
          }
        }
      >
        <img
          className="ui image"
          height={50}
          src="https://s3-ap-southeast-1.amazonaws.com/storage.api.merrymaker.com/images/merrymaker_mascot_head_side.svg"
        />
      </a>
    </div>
    <div
      className="link fitted item menulink sc-htpNat jVOplu"
      onClick={[Function]}
    >
      <a
        className="sc-bwzfXH czPeHY"
        href="/home"
        onClick={[Function]}
      >
        Home
      </a>
    </div>
    <div
      className="link fitted item menulink sc-htpNat jVOplu"
      onClick={[Function]}
    >
      <a
        className="sc-bwzfXH czPeHY"
        href="/about"
        onClick={[Function]}
      >
        About
      </a>
    </div>
    <div
      aria-busy={undefined}
      aria-disabled={undefined}
      aria-expanded={false}
      aria-multiselectable={undefined}
      className="ui item dropdown"
      onBlur={[Function]}
      onChange={[Function]}
      onClick={[Function]}
      onFocus={[Function]}
      onMouseDown={[Function]}
      role="listbox"
      tabIndex={0}
    >
      <div
        aria-live="polite"
        className="text"
        role="alert"
      >
        Support
      </div>
      <i
        aria-hidden="true"
        className="dropdown icon"
        onClick={[Function]}
      />
      <div
        className="menu transition"
      >
        <div
          aria-checked={undefined}
          aria-disabled={undefined}
          aria-selected={undefined}
          className="item dropdown-link link fitted sc-fBuWsC ifLbMT"
          onClick={[Function]}
          role="option"
        >
          <a
            href="/phone"
            onClick={[Function]}
          >
            Phone
          </a>
        </div>
        <div
          aria-checked={undefined}
          aria-disabled={undefined}
          aria-selected={undefined}
          className="item dropdown-link link fitted sc-fBuWsC ifLbMT"
          onClick={[Function]}
          role="option"
        >
          <a
            href="/email"
            onClick={[Function]}
          >
            Email
          </a>
        </div>
      </div>
    </div>
    <div
      className="item"
      onClick={[Function]}
    >
      <button
        className="ui primary button sc-bxivhb fXYmVd"
        disabled={undefined}
        onClick={[Function]}
        role="button"
        tabIndex={undefined}
      >
        <a
          href="/contact"
          onClick={[Function]}
        >
          Contact Us
        </a>
      </button>
    </div>
  </div>
  <div
    className="pusher"
  >
    <div
      className="ui pointing secondary attached container spacer     sc-cSHVUG bQoLja menu"
      spacer={undefined}
    >
      <div
        className="ui container"
      >
        <div
          className="menu"
        >
          <div
            aria-busy={undefined}
            aria-disabled={undefined}
            aria-expanded={false}
            aria-multiselectable={undefined}
            className="ui item dropdown"
            onBlur={[Function]}
            onChange={[Function]}
            onClick={[Function]}
            onFocus={[Function]}
            onMouseDown={[Function]}
            role="listbox"
            tabIndex={0}
          >
            <div
              aria-live="polite"
              className="text"
              role="alert"
            />
            <i
              aria-hidden="true"
              className="content icon"
              onClick={[Function]}
            />
            <div
              className="menu transition"
            />
          </div>
        </div>
      </div>
    </div>
    <div
      className="ui dimmer"
      onClick={[Function]}
    />
    Hello World
  </div>
</div>
`;
