// Jest Snapshot v1, https://goo.gl/fbAQLP

exports[`<HalfBanner> renders correctly 1`] = `
<div
  className="ui inverted stackable grid attached    sc-bwzfXH kDUFYf"
>
  <div
    className="equal width row"
  >
    <div
      background={
        Object {
          "color": "#1f40e6",
        }
      }
      className="center aligned middle aligned column padded      sc-bdVaJa ikIaQJ"
      copy={
        Object {
          "header": Object {
            "content": "Center of Focus",
          },
        }
      }
    >
      <div
        className="container"
      >
        <div
          className="copy sc-bxivhb fJchNc"
        >
          <h5
            className="ui huge header sc-htpNat eSPVaA"
          >
            Center of Focus
          </h5>
        </div>
      </div>
    </div>
    <div
      background={
        Object {
          "src": "https://images.pexels.com/photos/196652/pexels-photo-196652.jpeg?w=940&h=650&dpr=2&auto=compress&cs=tinysrgb",
        }
      }
      className="column padded    sc-bdVaJa NDjoU"
      copy={
        Object {
          "header": Object {
            "content": "We reviewed the entire process of data collection, analysis and evaluation to identify key opportunities for automation and efficient data analysis.",
          },
          "subheader": Object {
            "content": "Key Trends",
          },
        }
      }
    >
      <div
        className="container"
      >
        <div
          className="copy sc-bxivhb fJchNc"
        >
          <h6
            className="ui tiny sub header sc-htpNat eSPVaA"
          >
            Key Trends
          </h6>
          <h5
            className="ui huge header sc-htpNat eSPVaA"
          >
            We reviewed the entire process of data collection, analysis and evaluation to identify key opportunities for automation and efficient data analysis.
          </h5>
        </div>
      </div>
    </div>
  </div>
</div>
`;
