// Jest Snapshot v1, https://goo.gl/fbAQLP

exports[`<MenuLink> renders correctly 1`] = `
<div
  className="link fitted item"
  onClick={[Function]}
  style={
    Object {
      "padding": 0,
    }
  }
>
  <a
    className="sc-bdVaJa gDaJBK"
    href="/"
    onClick={[Function]}
  >
    Home
  </a>
</div>
`;
