// Jest Snapshot v1, https://goo.gl/fbAQLP

exports[`<MenuLink> renders correctly 1`] = `
<div
  className="link fitted item menulink MenuLink__StyledMenuItem-rzklK dtSOEI"
  onClick={[Function]}
>
  <a
    className="MenuLink__StyledLink-qDIQN fSLszI"
    href="/"
    onClick={[Function]}
  >
    Home
  </a>
</div>
`;
