// Jest Snapshot v1, https://goo.gl/fbAQLP

exports[`<StatCard> renders correctly 1`] = `
<div
  className="ui fluid card    StatCard__StyledCard-fUXdfT ndeBq Card__StyledCard-hKtLXx isCsom"
  gradient={undefined}
  href={undefined}
  onClick={[Function]}
>
  <div
    className="center aligned content"
  >
    <h5
      className="ui huge header StatCard__StatNumber-cUVTlO blSQes"
    >
      60
    </h5>
    <h5
      className="ui medium header StatCard__StatHeader-hDZpFU MNTII"
    >
      world-class specialists
    </h5>
    <div
      className="description StatCard__StatDesc-bvgQEi cWcpLY"
    >
      hired and onboarded
    </div>
  </div>
</div>
`;
