// Jest Snapshot v1, https://goo.gl/fbAQLP

exports[`<Tab> renders correctly 1`] = `
<div
  className="basic justify angular secondary subtle spacer   sc-bdVaJa edAoKK"
  spacer={2}
>
  <div
    className="ui secondary attached labeled icon tabular menu"
  >
    <a
      className="active item"
      onClick={[Function]}
    >
      <i
        aria-hidden="true"
        className="users icon"
      />
      Users
    </a>
    <a
      className="item"
      onClick={[Function]}
    >
      <i
        aria-hidden="true"
        className="wifi icon"
      />
      Users 2
    </a>
    <a
      className="item"
      onClick={[Function]}
    >
      <i
        aria-hidden="true"
        className="world icon"
      />
      Globe
    </a>
    <a
      className="item"
      onClick={[Function]}
    >
      <i
        aria-hidden="true"
        className="trash icon"
      />
      Trash
    </a>
  </div>
  <div
    className="ui bottom attached segment active tab"
  >
    <div
      className="ui basic secondary vertical attached center aligned segment spacer sc-bwzfXH bsANxE"
      spacer={2}
    >
      Tab 1 Content
    </div>
  </div>
</div>
`;
