// Jest Snapshot v1, https://goo.gl/fbAQLP

exports[`<VideoBackground> renders correctly 1`] = `
<div
  className="VideoBackground__VideoContainer-bUrRxM ehWSXR"
  poster={
    Object {
      "bgPos": "140% 50%",
      "src": "https://s3-ap-southeast-1.amazonaws.com/storage.onextech.com/web/site/home/bluenet.jpg",
    }
  }
>
  <div
    className="overlay"
  />
  <video
    autoPlay={true}
    loop={true}
    muted={true}
    poster="data:image/gif;base64,R0lGODlhAQABAIAAAAAAAP///yH5BAEAAAAALAAAAAABAAEAAAIBRAA7"
  >
    <source
      src="https://s3-ap-southeast-1.amazonaws.com/storage.onextech.com/web/site/home/24251288.mp4"
      type="video/ogg"
    />
    <source
      src="https://s3-ap-southeast-1.amazonaws.com/storage.onextech.com/web/site/home/24251288.mp4"
      type="video/webm"
    />
    <source
      src="https://s3-ap-southeast-1.amazonaws.com/storage.onextech.com/web/site/home/24251288.mp4"
      type="video/mp4"
    />
  </video>
</div>
`;
