// Jest Snapshot v1, https://goo.gl/fbAQLP

exports[`<Banner> renders correctly 1`] = `
<div
  className="ui vertical segment spacer Block__StyledBlock-kDohJM eaaVmk"
  spacer={1}
>
  <div
    className="ui container Banner__BannerContainer-eOHDGR dykzdR"
  >
    <div
      className="Banner__BannerContainerInner-jjNSaH cfcPsq"
    />
  </div>
</div>
`;
