// Jest Snapshot v1, https://goo.gl/fbAQLP

exports[`<Callout> renders correctly 1`] = `
<div
  className="ui vertical segment spacer Block__StyledBlock-kDohJM iXrwQe"
  spacer={0.5}
>
  <div
    className="ui container stackable grid"
  >
    <div
      className="middle aligned row"
    >
      <div
        className="twelve wide column Callout__ResponsiveLeftTextColumn-kKRyHH hDxSob"
      >
        <p
          className="Callout__CalloutText-jifegs hmWHSN"
        >
          <span>
            Based in Singapore. Available for event bookings 
            <span
              aria-label="Victory Hand"
              role="img"
            >
              ✌🏻
            </span>
          </span>
        </p>
      </div>
      <div
        className="four wide column Callout__ResponsiveRightTextColumn-cYdPoE kidUMW"
      >
        <button
          className="ui large circular primary button"
          disabled={undefined}
          onClick={[Function]}
          role="button"
          tabIndex={undefined}
        >
          Make Booking
        </button>
      </div>
    </div>
  </div>
</div>
`;
